// Jest Snapshot v1, https://goo.gl/fbAQLP

exports[`<ProductCard /> should render the productCard 1`] = `
.c0 {
  width: 100%;
  max-width: 38rem;
  height: 100%;
  max-height: 40rem;
  box-shadow: 0px 6px 12px #0000001f;
  border: 1px solid #00000026;
  border-radius: 1.4rem;
  background-color: #FAFAFA;
  display: -webkit-box;
  display: -webkit-flex;
  display: -ms-flexbox;
  display: flex;
  -webkit-flex-direction: column;
  -ms-flex-direction: column;
  flex-direction: column;
  -webkit-align-items: center;
  -webkit-box-align: center;
  -ms-flex-align: center;
  align-items: center;
  -webkit-box-pack: center;
  -webkit-justify-content: center;
  -ms-flex-pack: center;
  justify-content: center;
}

.c0 img {
  border-radius: 1.4rem;
}

.c1 {
  width: 100%;
  height: 100%;
  max-height: 202px;
  display: -webkit-box;
  display: -webkit-flex;
  display: -ms-flexbox;
  display: flex;
  -webkit-box-pack: center;
  -webkit-justify-content: center;
  -ms-flex-pack: center;
  justify-content: center;
}

.c2 {
  width: 100%;
  max-width: 38rem;
}

.c3 {
  display: -webkit-box;
  display: -webkit-flex;
  display: -ms-flexbox;
  display: flex;
  -webkit-flex-direction: column;
  -ms-flex-direction: column;
  flex-direction: column;
  -webkit-align-items: center;
  -webkit-box-align: center;
  -ms-flex-align: center;
  align-items: center;
  -webkit-box-pack: center;
  -webkit-justify-content: center;
  -ms-flex-pack: center;
  justify-content: center;
  text-align: center;
  padding: 2.4rem;
}

.c4 {
  font-size: 1.4rem;
  line-height: 1.9rem;
  margin-bottom: 1.6rem;
}

.c5 {
  font-size: 1.8rem;
  font-weight: 700;
  line-height: 1.9rem;
  margin-bottom: 1.6rem;
}

.c6 {
  display: -webkit-box;
  display: -webkit-flex;
  display: -ms-flexbox;
  display: flex;
  -webkit-box-pack: center;
  -webkit-justify-content: center;
  -ms-flex-pack: center;
  justify-content: center;
  -webkit-align-items: center;
  -webkit-box-align: center;
  -ms-flex-align: center;
  align-items: center;
  width: 100%;
  max-width: 302px;
  height: 36px;
  background: linear-gradient(90deg,rgb(36,201,43),rgb(9,159,15));
  margin: 0;
  border-radius: 1.8rem;
  box-shadow: 0px 3px 6px #00000029;
  color: #FAFAFA;
  font-size: 1.6rem;
}

<div
  class="c0"
>
  <div
    class="c1"
  >
    <img
      class="c2"
      src="https://fakestoreapi.com/img/81fPKd-2AYL._AC_SL1500_.jpg"
    />
  </div>
  <div
    class="c3"
  >
    <p
      class="c4"
    >
      Fjallraven - Foldsack No. 1 Backpack, Fits 15 Laptops
    </p>
    <p
      class="c5"
    >
      R$ 109.95
    </p>
    <a
      class="c6"
      color="#FAFAFA"
      font-size="1.6rem"
      height="36px"
      label="ver produto"
      width="100%"
    >
      ver produto
    </a>
  </div>
</div>
`
